Archive member included to satisfy reference by file (symbol)

d:/rj/armgnu~1/112_20~1.02/bin/../lib/gcc/arm-none-eabi/11.2.1/thumb/v7-m/nofp\libg.a(lib_a-errno.o)
                              CMakeFiles\freertos-demo2_0.elf.dir\Core\Src\syscalls.c.obj (__errno)
d:/rj/armgnu~1/112_20~1.02/bin/../lib/gcc/arm-none-eabi/11.2.1/thumb/v7-m/nofp\libg.a(lib_a-exit.o)
                              d:/rj/armgnu~1/112_20~1.02/bin/../lib/gcc/arm-none-eabi/11.2.1/thumb/v7-m/nofp/crt0.o (exit)
d:/rj/armgnu~1/112_20~1.02/bin/../lib/gcc/arm-none-eabi/11.2.1/thumb/v7-m/nofp\libg.a(lib_a-impure.o)
                              d:/rj/armgnu~1/112_20~1.02/bin/../lib/gcc/arm-none-eabi/11.2.1/thumb/v7-m/nofp\libg.a(lib_a-exit.o) (_global_impure_ptr)
d:/rj/armgnu~1/112_20~1.02/bin/../lib/gcc/arm-none-eabi/11.2.1/thumb/v7-m/nofp\libg.a(lib_a-init.o)
                              d:/rj/armgnu~1/112_20~1.02/bin/../lib/gcc/arm-none-eabi/11.2.1/thumb/v7-m/nofp/crt0.o (__libc_init_array)
d:/rj/armgnu~1/112_20~1.02/bin/../lib/gcc/arm-none-eabi/11.2.1/thumb/v7-m/nofp\libg.a(lib_a-memcpy.o)
                              CMakeFiles\freertos-demo2_0.elf.dir\Middlewares\Third_Party\FreeRTOS\Source\queue.c.obj (memcpy)
d:/rj/armgnu~1/112_20~1.02/bin/../lib/gcc/arm-none-eabi/11.2.1/thumb/v7-m/nofp\libg.a(lib_a-memset.o)
                              d:/rj/armgnu~1/112_20~1.02/bin/../lib/gcc/arm-none-eabi/11.2.1/thumb/v7-m/nofp/crt0.o (memset)
d:/rj/armgnu~1/112_20~1.02/bin/../lib/gcc/arm-none-eabi/11.2.1/thumb/v7-m/nofp\libg.a(lib_a-__call_atexit.o)
                              d:/rj/armgnu~1/112_20~1.02/bin/../lib/gcc/arm-none-eabi/11.2.1/thumb/v7-m/nofp\libg.a(lib_a-exit.o) (__call_exitprocs)

Discarded input sections

 .text          0x00000000        0x0 d:/rj/armgnu~1/112_20~1.02/bin/../lib/gcc/arm-none-eabi/11.2.1/thumb/v7-m/nofp/crti.o
 .data          0x00000000        0x0 d:/rj/armgnu~1/112_20~1.02/bin/../lib/gcc/arm-none-eabi/11.2.1/thumb/v7-m/nofp/crti.o
 .bss           0x00000000        0x0 d:/rj/armgnu~1/112_20~1.02/bin/../lib/gcc/arm-none-eabi/11.2.1/thumb/v7-m/nofp/crti.o
 .text          0x00000000        0x0 d:/rj/armgnu~1/112_20~1.02/bin/../lib/gcc/arm-none-eabi/11.2.1/thumb/v7-m/nofp/crtbegin.o
 .data          0x00000000        0x0 d:/rj/armgnu~1/112_20~1.02/bin/../lib/gcc/arm-none-eabi/11.2.1/thumb/v7-m/nofp/crtbegin.o
 .bss           0x00000000        0x0 d:/rj/armgnu~1/112_20~1.02/bin/../lib/gcc/arm-none-eabi/11.2.1/thumb/v7-m/nofp/crtbegin.o
 .rodata.all_implied_fbits
                0x00000000       0x24 d:/rj/armgnu~1/112_20~1.02/bin/../lib/gcc/arm-none-eabi/11.2.1/thumb/v7-m/nofp/crtbegin.o
 .data.__dso_handle
                0x00000000        0x4 d:/rj/armgnu~1/112_20~1.02/bin/../lib/gcc/arm-none-eabi/11.2.1/thumb/v7-m/nofp/crtbegin.o
 .text          0x00000000       0x7c d:/rj/armgnu~1/112_20~1.02/bin/../lib/gcc/arm-none-eabi/11.2.1/thumb/v7-m/nofp/crt0.o
 .data          0x00000000        0x0 d:/rj/armgnu~1/112_20~1.02/bin/../lib/gcc/arm-none-eabi/11.2.1/thumb/v7-m/nofp/crt0.o
 .bss           0x00000000        0x0 d:/rj/armgnu~1/112_20~1.02/bin/../lib/gcc/arm-none-eabi/11.2.1/thumb/v7-m/nofp/crt0.o
 .ARM.extab     0x00000000        0x0 d:/rj/armgnu~1/112_20~1.02/bin/../lib/gcc/arm-none-eabi/11.2.1/thumb/v7-m/nofp/crt0.o
 .ARM.exidx     0x00000000       0x10 d:/rj/armgnu~1/112_20~1.02/bin/../lib/gcc/arm-none-eabi/11.2.1/thumb/v7-m/nofp/crt0.o
 .debug_line    0x00000000       0x76 d:/rj/armgnu~1/112_20~1.02/bin/../lib/gcc/arm-none-eabi/11.2.1/thumb/v7-m/nofp/crt0.o
 .debug_line_str
                0x00000000       0xa6 d:/rj/armgnu~1/112_20~1.02/bin/../lib/gcc/arm-none-eabi/11.2.1/thumb/v7-m/nofp/crt0.o
 .debug_info    0x00000000       0x24 d:/rj/armgnu~1/112_20~1.02/bin/../lib/gcc/arm-none-eabi/11.2.1/thumb/v7-m/nofp/crt0.o
 .debug_abbrev  0x00000000       0x14 d:/rj/armgnu~1/112_20~1.02/bin/../lib/gcc/arm-none-eabi/11.2.1/thumb/v7-m/nofp/crt0.o
 .debug_aranges
                0x00000000       0x20 d:/rj/armgnu~1/112_20~1.02/bin/../lib/gcc/arm-none-eabi/11.2.1/thumb/v7-m/nofp/crt0.o
 .debug_str     0x00000000       0x9f d:/rj/armgnu~1/112_20~1.02/bin/../lib/gcc/arm-none-eabi/11.2.1/thumb/v7-m/nofp/crt0.o
 .ARM.attributes
                0x00000000       0x1b d:/rj/armgnu~1/112_20~1.02/bin/../lib/gcc/arm-none-eabi/11.2.1/thumb/v7-m/nofp/crt0.o
 .text          0x00000000        0x0 CMakeFiles\freertos-demo2_0.elf.dir\Core\Src\freertos.c.obj
 .data          0x00000000        0x0 CMakeFiles\freertos-demo2_0.elf.dir\Core\Src\freertos.c.obj
 .bss           0x00000000        0x0 CMakeFiles\freertos-demo2_0.elf.dir\Core\Src\freertos.c.obj
 .text          0x00000000        0x0 CMakeFiles\freertos-demo2_0.elf.dir\Core\Src\gpio.c.obj
 .data          0x00000000        0x0 CMakeFiles\freertos-demo2_0.elf.dir\Core\Src\gpio.c.obj
 .bss           0x00000000        0x0 CMakeFiles\freertos-demo2_0.elf.dir\Core\Src\gpio.c.obj
 .text          0x00000000        0x0 CMakeFiles\freertos-demo2_0.elf.dir\Core\Src\main.c.obj
[...]
Memory Configuration

Name             Origin             Length             Attributes
RAM              0x20000000         0x00005000         xrw
FLASH            0x08000000         0x00010000         xr
*default*        0x00000000         0xffffffff

Linker script and memory map

LOAD d:/rj/armgnu~1/112_20~1.02/bin/../lib/gcc/arm-none-eabi/11.2.1/thumb/v7-m/nofp/crti.o
LOAD d:/rj/armgnu~1/112_20~1.02/bin/../lib/gcc/arm-none-eabi/11.2.1/thumb/v7-m/nofp/crtbegin.o
LOAD d:/rj/armgnu~1/112_20~1.02/bin/../lib/gcc/arm-none-eabi/11.2.1/thumb/v7-m/nofp/crt0.o
LOAD CMakeFiles\freertos-demo2_0.elf.dir\Core\Src\freertos.c.obj
LOAD CMakeFiles\freertos-demo2_0.elf.dir\Core\Src\gpio.c.obj
LOAD CMakeFiles\freertos-demo2_0.elf.dir\Core\Src\main.c.obj
LOAD CMakeFiles\freertos-demo2_0.elf.dir\Core\Src\stm32f1xx_hal_msp.c.obj
LOAD CMakeFiles\freertos-demo2_0.elf.dir\Core\Src\stm32f1xx_hal_timebase_tim.c.obj
LOAD CMakeFiles\freertos-demo2_0.elf.dir\Core\Src\stm32f1xx_it.c.obj
LOAD CMakeFiles\freertos-demo2_0.elf.dir\Core\Src\syscalls.c.obj
LOAD CMakeFiles\freertos-demo2_0.elf.dir\Core\Src\sysmem.c.obj
LOAD CMakeFiles\freertos-demo2_0.elf.dir\Core\Src\system_stm32f1xx.c.obj
LOAD CMakeFiles\freertos-demo2_0.elf.dir\Core\Startup\startup_stm32f103c8tx.s.obj
LOAD CMakeFiles\freertos-demo2_0.elf.dir\Drivers\STM32F1xx_HAL_Driver\Src\stm32f1xx_hal.c.obj
LOAD CMakeFiles\freertos-demo2_0.elf.dir\Drivers\STM32F1xx_HAL_Driver\Src\stm32f1xx_hal_cortex.c.obj
LOAD CMakeFiles\freertos-demo2_0.elf.dir\Drivers\STM32F1xx_HAL_Driver\Src\stm32f1xx_hal_dma.c.obj
LOAD CMakeFiles\freertos-demo2_0.elf.dir\Drivers\STM32F1xx_HAL_Driver\Src\stm32f1xx_hal_exti.c.obj
LOAD CMakeFiles\freertos-demo2_0.elf.dir\Drivers\STM32F1xx_HAL_Driver\Src\stm32f1xx_hal_flash.c.obj
LOAD CMakeFiles\freertos-demo2_0.elf.dir\Drivers\STM32F1xx_HAL_Driver\Src\stm32f1xx_hal_flash_ex.c.obj
LOAD CMakeFiles\freertos-demo2_0.elf.dir\Drivers\STM32F1xx_HAL_Driver\Src\stm32f1xx_hal_gpio.c.obj
LOAD CMakeFiles\freertos-demo2_0.elf.dir\Drivers\STM32F1xx_HAL_Driver\Src\stm32f1xx_hal_gpio_ex.c.obj
LOAD CMakeFiles\freertos-demo2_0.elf.dir\Drivers\STM32F1xx_HAL_Driver\Src\stm32f1xx_hal_pwr.c.obj
LOAD CMakeFiles\freertos-demo2_0.elf.dir\Drivers\STM32F1xx_HAL_Driver\Src\stm32f1xx_hal_rcc.c.obj
LOAD CMakeFiles\freertos-demo2_0.elf.dir\Drivers\STM32F1xx_HAL_Driver\Src\stm32f1xx_hal_rcc_ex.c.obj
LOAD CMakeFiles\freertos-demo2_0.elf.dir\Drivers\STM32F1xx_HAL_Driver\Src\stm32f1xx_hal_tim.c.obj
LOAD CMakeFiles\freertos-demo2_0.elf.dir\Drivers\STM32F1xx_HAL_Driver\Src\stm32f1xx_hal_tim_ex.c.obj
LOAD CMakeFiles\freertos-demo2_0.elf.dir\Middlewares\Third_Party\FreeRTOS\Source\CMSIS_RTOS\cmsis_os.c.obj
LOAD CMakeFiles\freertos-demo2_0.elf.dir\Middlewares\Third_Party\FreeRTOS\Source\croutine.c.obj
LOAD CMakeFiles\freertos-demo2_0.elf.dir\Middlewares\Third_Party\FreeRTOS\Source\event_groups.c.obj
LOAD CMakeFiles\freertos-demo2_0.elf.dir\Middlewares\Third_Party\FreeRTOS\Source\list.c.obj
LOAD CMakeFiles\freertos-demo2_0.elf.dir\Middlewares\Third_Party\FreeRTOS\Source\portable\GCC\ARM_CM3\port.c.obj
LOAD CMakeFiles\freertos-demo2_0.elf.dir\Middlewares\Third_Party\FreeRTOS\Source\portable\MemMang\heap_4.c.obj
LOAD CMakeFiles\freertos-demo2_0.elf.dir\Middlewares\Third_Party\FreeRTOS\Source\queue.c.obj
LOAD CMakeFiles\freertos-demo2_0.elf.dir\Middlewares\Third_Party\FreeRTOS\Source\stream_buffer.c.obj
LOAD CMakeFiles\freertos-demo2_0.elf.dir\Middlewares\Third_Party\FreeRTOS\Source\tasks.c.obj
LOAD CMakeFiles\freertos-demo2_0.elf.dir\Middlewares\Third_Party\FreeRTOS\Source\timers.c.obj
START GROUP
LOAD d:/rj/armgnu~1/112_20~1.02/bin/../lib/gcc/arm-none-eabi/11.2.1/thumb/v7-m/nofp\libgcc.a
LOAD d:/rj/armgnu~1/112_20~1.02/bin/../lib/gcc/arm-none-eabi/11.2.1/thumb/v7-m/nofp\libg.a
LOAD d:/rj/armgnu~1/112_20~1.02/bin/../lib/gcc/arm-none-eabi/11.2.1/thumb/v7-m/nofp\libc.a
END GROUP
LOAD d:/rj/armgnu~1/112_20~1.02/bin/../lib/gcc/arm-none-eabi/11.2.1/thumb/v7-m/nofp/crtend.o
LOAD d:/rj/armgnu~1/112_20~1.02/bin/../lib/gcc/arm-none-eabi/11.2.1/thumb/v7-m/nofp/crtn.o
                0x20005000                _estack = (ORIGIN (RAM) + LENGTH (RAM))
                0x00000200                _Min_Heap_Size = 0x200
                0x00000400                _Min_Stack_Size = 0x400

.isr_vector     0x08000000      0x10c
                0x08000000                . = ALIGN (0x4)
 *(.isr_vector)
 .isr_vector    0x08000000      0x10c CMakeFiles\freertos-demo2_0.elf.dir\Core\Startup\startup_stm32f103c8tx.s.obj
                0x08000000                g_pfnVectors
                0x0800010c                . = ALIGN (0x4)

.text           0x08000110     0x1e34
                0x08000110                . = ALIGN (0x4)
 *(.text)
 *(.text*)
 .text.deregister_tm_clones
                0x08000110       0x1c d:/rj/armgnu~1/112_20~1.02/bin/../lib/gcc/arm-none-eabi/11.2.1/thumb/v7-m/nofp/crtbegin.o
 .text.register_tm_clones
                0x0800012c       0x24 d:/rj/armgnu~1/112_20~1.02/bin/../lib/gcc/arm-none-eabi/11.2.1/thumb/v7-m/nofp/crtbegin.o
 .text.__do_global_dtors_aux
                0x08000150       0x28 d:/rj/armgnu~1/112_20~1.02/bin/../lib/gcc/arm-none-eabi/11.2.1/thumb/v7-m/nofp/crtbegin.o
 .text.frame_dummy
                0x08000178       0x24 d:/rj/armgnu~1/112_20~1.02/bin/../lib/gcc/arm-none-eabi/11.2.1/thumb/v7-m/nofp/crtbegin.o
 .text.StartDefaultTask
                0x0800019c       0x18 CMakeFiles\freertos-demo2_0.elf.dir\Core\Src\freertos.c.obj
                0x0800019c                StartDefaultTask
 .text.StartTask02
                0x080001b4       0x18 CMakeFiles\freertos-demo2_0.elf.dir\Core\Src\freertos.c.obj
                0x080001b4                StartTask02
 .text.vApplicationGetIdleTaskMemory
                0x080001cc       0x18 CMakeFiles\freertos-demo2_0.elf.dir\Core\Src\freertos.c.obj
                0x080001cc                vApplicationGetIdleTaskMemory
 .text.MX_FREERTOS_Init
                0x080001e4       0x5c CMakeFiles\freertos-demo2_0.elf.dir\Core\Src\freertos.c.obj
                0x080001e4                MX_FREERTOS_Init
 .text.MX_GPIO_Init
                0x08000240       0xa4 CMakeFiles\freertos-demo2_0.elf.dir\Core\Src\gpio.c.obj
                0x08000240                MX_GPIO_Init
 .text.HAL_TIM_PeriodElapsedCallback
                0x080002e4       0x18 CMakeFiles\freertos-demo2_0.elf.dir\Core\Src\main.c.obj
                0x080002e4                HAL_TIM_PeriodElapsedCallback
 .text.Error_Handler
                0x080002fc        0x4 CMakeFiles\freertos-demo2_0.elf.dir\Core\Src\main.c.obj
                0x080002fc                Error_Handler
 .text.SystemClock_Config
                0x08000300       0x52 CMakeFiles\freertos-demo2_0.elf.dir\Core\Src\main.c.obj
                0x08000300                SystemClock_Config
 .text.main     0x08000352       0x18 CMakeFiles\freertos-demo2_0.elf.dir\Core\Src\main.c.obj
                0x08000352                main
 *fill*         0x0800036a        0x2 
 .text.HAL_MspInit
                0x0800036c       0x54 CMakeFiles\freertos-demo2_0.elf.dir\Core\Src\stm32f1xx_hal_msp.c.obj
                0x0800036c                HAL_MspInit
 .text.HAL_InitTick
                0x080003c0       0x94 CMakeFiles\freertos-demo2_0.elf.dir\Core\Src\stm32f1xx_hal_timebase_tim.c.obj
                0x080003c0                HAL_InitTick
 .text.NMI_Handler
                0x08000454        0x2 CMakeFiles\freertos-demo2_0.elf.dir\Core\Src\stm32f1xx_it.c.obj
                0x08000454                NMI_Handler
 .text.HardFault_Handler
                0x08000456        0x2 CMakeFiles\freertos-demo2_0.elf.dir\Core\Src\stm32f1xx_it.c.obj
                0x08000456                HardFault_Handler
 .text.MemManage_Handler
                0x08000458        0x2 CMakeFiles\freertos-demo2_0.elf.dir\Core\Src\stm32f1xx_it.c.obj
                0x08000458                MemManage_Handler
 .text.BusFault_Handler
                0x0800045a        0x2 CMakeFiles\freertos-demo2_0.elf.dir\Core\Src\stm32f1xx_it.c.obj
                0x0800045a                BusFault_Handler
 .text.UsageFault_Handler
                0x0800045c        0x2 CMakeFiles\freertos-demo2_0.elf.dir\Core\Src\stm32f1xx_it.c.obj
                0x0800045c                UsageFault_Handler
 .text.DebugMon_Handler
                0x0800045e        0x2 CMakeFiles\freertos-demo2_0.elf.dir\Core\Src\stm32f1xx_it.c.obj
                0x0800045e                DebugMon_Handler
 .text.TIM1_UP_IRQHandler
                0x08000460       0x10 CMakeFiles\freertos-demo2_0.elf.dir\Core\Src\stm32f1xx_it.c.obj
                0x08000460                TIM1_UP_IRQHandler
 .text.SystemInit
                0x08000470        0x2 CMakeFiles\freertos-demo2_0.elf.dir\Core\Src\system_stm32f1xx.c.obj
                0x08000470                SystemInit
 *fill*         0x08000472        0x2 
 .text.Reset_Handler
                0x08000474       0x48 CMakeFiles\freertos-demo2_0.elf.dir\Core\Startup\startup_stm32f103c8tx.s.obj
                0x08000474                Reset_Handler
 .text.Default_Handler
                0x080004bc        0x2 CMakeFiles\freertos-demo2_0.elf.dir\Core\Startup\startup_stm32f103c8tx.s.obj
                0x080004bc                RTC_Alarm_IRQHandler
                0x080004bc                EXTI2_IRQHandler
                0x080004bc                TIM1_CC_IRQHandler
                0x080004bc                PVD_IRQHandler
                0x080004bc                EXTI3_IRQHandler
                0x080004bc                EXTI0_IRQHandler
                0x080004bc                I2C2_EV_IRQHandler
                0x080004bc                ADC1_2_IRQHandler
                0x080004bc                SPI1_IRQHandler
                0x080004bc                TAMPER_IRQHandler
                0x080004bc                DMA1_Channel4_IRQHandler
                0x080004bc                USART3_IRQHandler
                0x080004bc                RTC_IRQHandler
                0x080004bc                DMA1_Channel7_IRQHandler
                0x080004bc                CAN1_RX1_IRQHandler
                0x080004bc                TIM4_IRQHandler
                0x080004bc                I2C1_EV_IRQHandler
                0x080004bc                DMA1_Channel6_IRQHandler
                0x080004bc                TIM3_IRQHandler
                0x080004bc                RCC_IRQHandler
                0x080004bc                TIM1_TRG_COM_IRQHandler
                0x080004bc                DMA1_Channel1_IRQHandler
                0x080004bc                Default_Handler
                0x080004bc                EXTI15_10_IRQHandler
                0x080004bc                EXTI9_5_IRQHandler
                0x080004bc                SPI2_IRQHandler
                0x080004bc                DMA1_Channel5_IRQHandler
                0x080004bc                EXTI4_IRQHandler
                0x080004bc                USB_LP_CAN1_RX0_IRQHandler
                0x080004bc                USB_HP_CAN1_TX_IRQHandler
                0x080004bc                DMA1_Channel3_IRQHandler
                0x080004bc                WWDG_IRQHandler
                0x080004bc                TIM2_IRQHandler
                0x080004bc                TIM1_BRK_IRQHandler
                0x080004bc                EXTI1_IRQHandler
                0x080004bc                USART2_IRQHandler
                0x080004bc                I2C2_ER_IRQHandler
                0x080004bc                DMA1_Channel2_IRQHandler
                0x080004bc                CAN1_SCE_IRQHandler
                0x080004bc                FLASH_IRQHandler
                0x080004bc                USART1_IRQHandler
                0x080004bc                I2C1_ER_IRQHandler
                0x080004bc                USBWakeUp_IRQHandler
 *fill*         0x080004be        0x2 
 .text.HAL_Init
                0x080004c0       0x24 CMakeFiles\freertos-demo2_0.elf.dir\Drivers\STM32F1xx_HAL_Driver\Src\stm32f1xx_hal.c.obj
                0x080004c0                HAL_Init
 .text.HAL_IncTick
                0x080004e4       0x18 CMakeFiles\freertos-demo2_0.elf.dir\Drivers\STM32F1xx_HAL_Driver\Src\stm32f1xx_hal.c.obj
                0x080004e4                HAL_IncTick
 .text.HAL_GetTick
                0x080004fc        0xc CMakeFiles\freertos-demo2_0.elf.dir\Drivers\STM32F1xx_HAL_Driver\Src\stm32f1xx_hal.c.obj
                0x080004fc                HAL_GetTick
 .text.HAL_NVIC_SetPriorityGrouping
                0x08000508       0x24 CMakeFiles\freertos-demo2_0.elf.dir\Drivers\STM32F1xx_HAL_Driver\Src\stm32f1xx_hal_cortex.c.obj
                0x08000508                HAL_NVIC_SetPriorityGrouping
 .text.HAL_NVIC_SetPriority
                0x0800052c       0x70 CMakeFiles\freertos-demo2_0.elf.dir\Drivers\STM32F1xx_HAL_Driver\Src\stm32f1xx_hal_cortex.c.obj
                0x0800052c                HAL_NVIC_SetPriority
 .text.HAL_NVIC_EnableIRQ
                0x0800059c       0x1c CMakeFiles\freertos-demo2_0.elf.dir\Drivers\STM32F1xx_HAL_Driver\Src\stm32f1xx_hal_cortex.c.obj
                0x0800059c                HAL_NVIC_EnableIRQ
 .text.HAL_GPIO_Init
                0x080005b8      0x224 CMakeFiles\freertos-demo2_0.elf.dir\Drivers\STM32F1xx_HAL_Driver\Src\stm32f1xx_hal_gpio.c.obj
                0x080005b8                HAL_GPIO_Init
 .text.HAL_GPIO_WritePin
                0x080007dc        0xc CMakeFiles\freertos-demo2_0.elf.dir\Drivers\STM32F1xx_HAL_Driver\Src\stm32f1xx_hal_gpio.c.obj
                0x080007dc                HAL_GPIO_WritePin
 .text.HAL_GPIO_TogglePin
                0x080007e8       0x12 CMakeFiles\freertos-demo2_0.elf.dir\Drivers\STM32F1xx_HAL_Driver\Src\stm32f1xx_hal_gpio.c.obj
                0x080007e8                HAL_GPIO_TogglePin
 *fill*         0x080007fa        0x2 
 .text.RCC_Delay
                0x080007fc       0x2c CMakeFiles\freertos-demo2_0.elf.dir\Drivers\STM32F1xx_HAL_Driver\Src\stm32f1xx_hal_rcc.c.obj
 .text.HAL_RCC_OscConfig
                0x08000828      0x410 CMakeFiles\freertos-demo2_0.elf.dir\Drivers\STM32F1xx_HAL_Driver\Src\stm32f1xx_hal_rcc.c.obj
                0x08000828                HAL_RCC_OscConfig
 .text.HAL_RCC_GetSysClockFreq
                0x08000c38       0x54 CMakeFiles\freertos-demo2_0.elf.dir\Drivers\STM32F1xx_HAL_Driver\Src\stm32f1xx_hal_rcc.c.obj
                0x08000c38                HAL_RCC_GetSysClockFreq
 .text.HAL_RCC_ClockConfig
                0x08000c8c      0x16c CMakeFiles\freertos-demo2_0.elf.dir\Drivers\STM32F1xx_HAL_Driver\Src\stm32f1xx_hal_rcc.c.obj
                0x08000c8c                HAL_RCC_ClockConfig
 .text.HAL_RCC_GetHCLKFreq
                0x08000df8        0xc CMakeFiles\freertos-demo2_0.elf.dir\Drivers\STM32F1xx_HAL_Driver\Src\stm32f1xx_hal_rcc.c.obj
                0x08000df8                HAL_RCC_GetHCLKFreq
 .text.HAL_RCC_GetPCLK2Freq
                0x08000e04       0x20 CMakeFiles\freertos-demo2_0.elf.dir\Drivers\STM32F1xx_HAL_Driver\Src\stm32f1xx_hal_rcc.c.obj
                0x08000e04                HAL_RCC_GetPCLK2Freq
 .text.HAL_RCC_GetClockConfig
                0x08000e24       0x3c CMakeFiles\freertos-demo2_0.elf.dir\Drivers\STM32F1xx_HAL_Driver\Src\stm32f1xx_hal_rcc.c.obj
                0x08000e24                HAL_RCC_GetClockConfig
 .text.HAL_TIM_Base_MspInit
                0x08000e60        0x2 CMakeFiles\freertos-demo2_0.elf.dir\Drivers\STM32F1xx_HAL_Driver\Src\stm32f1xx_hal_tim.c.obj
                0x08000e60                HAL_TIM_Base_MspInit
 *fill*         0x08000e62        0x2 
 .text.HAL_TIM_Base_Start_IT
                0x08000e64       0x68 CMakeFiles\freertos-demo2_0.elf.dir\Drivers\STM32F1xx_HAL_Driver\Src\stm32f1xx_hal_tim.c.obj
                0x08000e64                HAL_TIM_Base_Start_IT
 .text.HAL_TIM_OC_DelayElapsedCallback
                0x08000ecc        0x2 CMakeFiles\freertos-demo2_0.elf.dir\Drivers\STM32F1xx_HAL_Driver\Src\stm32f1xx_hal_tim.c.obj
                0x08000ecc                HAL_TIM_OC_DelayElapsedCallback
 .text.HAL_TIM_IC_CaptureCallback
                0x08000ece        0x2 CMakeFiles\freertos-demo2_0.elf.dir\Drivers\STM32F1xx_HAL_Driver\Src\stm32f1xx_hal_tim.c.obj
                0x08000ece                HAL_TIM_IC_CaptureCallback
 .text.HAL_TIM_PWM_PulseFinishedCallback
                0x08000ed0        0x2 CMakeFiles\freertos-demo2_0.elf.dir\Drivers\STM32F1xx_HAL_Driver\Src\stm32f1xx_hal_tim.c.obj
                0x08000ed0                HAL_TIM_PWM_PulseFinishedCallback
 .text.HAL_TIM_TriggerCallback
                0x08000ed2        0x2 CMakeFiles\freertos-demo2_0.elf.dir\Drivers\STM32F1xx_HAL_Driver\Src\stm32f1xx_hal_tim.c.obj
                0x08000ed2                HAL_TIM_TriggerCallback
 .text.HAL_TIM_IRQHandler
                0x08000ed4      0x17a CMakeFiles\freertos-demo2_0.elf.dir\Drivers\STM32F1xx_HAL_Driver\Src\stm32f1xx_hal_tim.c.obj
                0x08000ed4                HAL_TIM_IRQHandler
 *fill*         0x0800104e        0x2 
 .text.TIM_Base_SetConfig
                0x08001050       0x74 CMakeFiles\freertos-demo2_0.elf.dir\Drivers\STM32F1xx_HAL_Driver\Src\stm32f1xx_hal_tim.c.obj
                0x08001050                TIM_Base_SetConfig
 .text.HAL_TIM_Base_Init
                0x080010c4       0x58 CMakeFiles\freertos-demo2_0.elf.dir\Drivers\STM32F1xx_HAL_Driver\Src\stm32f1xx_hal_tim.c.obj
                0x080010c4                HAL_TIM_Base_Init
 .text.HAL_TIMEx_CommutCallback
                0x0800111c        0x2 CMakeFiles\freertos-demo2_0.elf.dir\Drivers\STM32F1xx_HAL_Driver\Src\stm32f1xx_hal_tim_ex.c.obj
                0x0800111c                HAL_TIMEx_CommutCallback
 .text.HAL_TIMEx_BreakCallback
                0x0800111e        0x2 CMakeFiles\freertos-demo2_0.elf.dir\Drivers\STM32F1xx_HAL_Driver\Src\stm32f1xx_hal_tim_ex.c.obj
                0x0800111e                HAL_TIMEx_BreakCallback
 .text.makeFreeRtosPriority
                0x08001120        0xc CMakeFiles\freertos-demo2_0.elf.dir\Middlewares\Third_Party\FreeRTOS\Source\CMSIS_RTOS\cmsis_os.c.obj
 .text.osKernelStart
                0x0800112c        0xa CMakeFiles\freertos-demo2_0.elf.dir\Middlewares\Third_Party\FreeRTOS\Source\CMSIS_RTOS\cmsis_os.c.obj
                0x0800112c                osKernelStart
 .text.osThreadCreate
                0x08001136       0x66 CMakeFiles\freertos-demo2_0.elf.dir\Middlewares\Third_Party\FreeRTOS\Source\CMSIS_RTOS\cmsis_os.c.obj
                0x08001136                osThreadCreate
 .text.osDelay  0x0800119c        0xe CMakeFiles\freertos-demo2_0.elf.dir\Middlewares\Third_Party\FreeRTOS\Source\CMSIS_RTOS\cmsis_os.c.obj
                0x0800119c                osDelay
 .text.vListInitialise
                0x080011aa       0x16 CMakeFiles\freertos-demo2_0.elf.dir\Middlewares\Third_Party\FreeRTOS\Source\list.c.obj
                0x080011aa                vListInitialise
 .text.vListInitialiseItem
                0x080011c0        0x6 CMakeFiles\freertos-demo2_0.elf.dir\Middlewares\Third_Party\FreeRTOS\Source\list.c.obj
                0x080011c0                vListInitialiseItem
 .text.vListInsertEnd
                0x080011c6       0x16 CMakeFiles\freertos-demo2_0.elf.dir\Middlewares\Third_Party\FreeRTOS\Source\list.c.obj
                0x080011c6                vListInsertEnd
 .text.vListInsert
                0x080011dc       0x32 CMakeFiles\freertos-demo2_0.elf.dir\Middlewares\Third_Party\FreeRTOS\Source\list.c.obj
                0x080011dc                vListInsert
 .text.uxListRemove
                0x0800120e       0x26 CMakeFiles\freertos-demo2_0.elf.dir\Middlewares\Third_Party\FreeRTOS\Source\list.c.obj
                0x0800120e                uxListRemove
 .text.prvTaskExitError
                0x08001234       0x40 CMakeFiles\freertos-demo2_0.elf.dir\Middlewares\Third_Party\FreeRTOS\Source\portable\GCC\ARM_CM3\port.c.obj
 .text.prvPortStartFirstTask
                0x08001274       0x20 CMakeFiles\freertos-demo2_0.elf.dir\Middlewares\Third_Party\FreeRTOS\Source\portable\GCC\ARM_CM3\port.c.obj
 .text.pxPortInitialiseStack
                0x08001294       0x24 CMakeFiles\freertos-demo2_0.elf.dir\Middlewares\Third_Party\FreeRTOS\Source\portable\GCC\ARM_CM3\port.c.obj
                0x08001294                pxPortInitialiseStack
 *fill*         0x080012b8        0x8 
 .text.SVC_Handler
                0x080012c0       0x24 CMakeFiles\freertos-demo2_0.elf.dir\Middlewares\Third_Party\FreeRTOS\Source\portable\GCC\ARM_CM3\port.c.obj
                0x080012c0                SVC_Handler
 .text.vPortEnterCritical
                0x080012e4       0x44 CMakeFiles\freertos-demo2_0.elf.dir\Middlewares\Third_Party\FreeRTOS\Source\portable\GCC\ARM_CM3\port.c.obj
                0x080012e4                vPortEnterCritical
 .text.vPortExitCritical
                0x08001328       0x2c CMakeFiles\freertos-demo2_0.elf.dir\Middlewares\Third_Party\FreeRTOS\Source\portable\GCC\ARM_CM3\port.c.obj
                0x08001328                vPortExitCritical
 *fill*         0x08001354        0xc 
 .text.PendSV_Handler
                0x08001360       0x44 CMakeFiles\freertos-demo2_0.elf.dir\Middlewares\Third_Party\FreeRTOS\Source\portable\GCC\ARM_CM3\port.c.obj
                0x08001360                PendSV_Handler
 .text.SysTick_Handler
                0x080013a4       0x2c CMakeFiles\freertos-demo2_0.elf.dir\Middlewares\Third_Party\FreeRTOS\Source\portable\GCC\ARM_CM3\port.c.obj
                0x080013a4                SysTick_Handler
 .text.vPortSetupTimerInterrupt
                0x080013d0       0x28 CMakeFiles\freertos-demo2_0.elf.dir\Middlewares\Third_Party\FreeRTOS\Source\portable\GCC\ARM_CM3\port.c.obj
                0x080013d0                vPortSetupTimerInterrupt
 .text.xPortStartScheduler
                0x080013f8       0xc0 CMakeFiles\freertos-demo2_0.elf.dir\Middlewares\Third_Party\FreeRTOS\Source\portable\GCC\ARM_CM3\port.c.obj
                0x080013f8                xPortStartScheduler
 .text.prvHeapInit
                0x080014b8       0x64 CMakeFiles\freertos-demo2_0.elf.dir\Middlewares\Third_Party\FreeRTOS\Source\portable\MemMang\heap_4.c.obj
 .text.prvInsertBlockIntoFreeList
                0x0800151c       0x60 CMakeFiles\freertos-demo2_0.elf.dir\Middlewares\Third_Party\FreeRTOS\Source\portable\MemMang\heap_4.c.obj
 .text.pvPortMalloc
                0x0800157c       0xf0 CMakeFiles\freertos-demo2_0.elf.dir\Middlewares\Third_Party\FreeRTOS\Source\portable\MemMang\heap_4.c.obj
                0x0800157c                pvPortMalloc
 .text.vPortFree
                0x0800166c       0x70 CMakeFiles\freertos-demo2_0.elf.dir\Middlewares\Third_Party\FreeRTOS\Source\portable\MemMang\heap_4.c.obj
                0x0800166c                vPortFree
 .text.prvResetNextTaskUnblockTime
                0x080016dc       0x2c CMakeFiles\freertos-demo2_0.elf.dir\Middlewares\Third_Party\FreeRTOS\Source\tasks.c.obj
 .text.prvInitialiseNewTask
                0x08001708       0x90 CMakeFiles\freertos-demo2_0.elf.dir\Middlewares\Third_Party\FreeRTOS\Source\tasks.c.obj
 .text.prvInitialiseTaskLists
                0x08001798       0x68 CMakeFiles\freertos-demo2_0.elf.dir\Middlewares\Third_Party\FreeRTOS\Source\tasks.c.obj
 .text.prvAddNewTaskToReadyList
                0x08001800       0xa8 CMakeFiles\freertos-demo2_0.elf.dir\Middlewares\Third_Party\FreeRTOS\Source\tasks.c.obj
 .text.prvDeleteTCB
                0x080018a8       0x38 CMakeFiles\freertos-demo2_0.elf.dir\Middlewares\Third_Party\FreeRTOS\Source\tasks.c.obj
 .text.prvCheckTasksWaitingTermination
                0x080018e0       0x4c CMakeFiles\freertos-demo2_0.elf.dir\Middlewares\Third_Party\FreeRTOS\Source\tasks.c.obj
 .text.prvIdleTask
                0x0800192c       0x28 CMakeFiles\freertos-demo2_0.elf.dir\Middlewares\Third_Party\FreeRTOS\Source\tasks.c.obj
 .text.prvAddCurrentTaskToDelayedList
                0x08001954       0x98 CMakeFiles\freertos-demo2_0.elf.dir\Middlewares\Third_Party\FreeRTOS\Source\tasks.c.obj
 .text.xTaskCreateStatic
                0x080019ec       0x74 CMakeFiles\freertos-demo2_0.elf.dir\Middlewares\Third_Party\FreeRTOS\Source\tasks.c.obj
                0x080019ec                xTaskCreateStatic
 .text.xTaskCreate
                0x08001a60       0x68 CMakeFiles\freertos-demo2_0.elf.dir\Middlewares\Third_Party\FreeRTOS\Source\tasks.c.obj
                0x08001a60                xTaskCreate
 .text.vTaskStartScheduler
                0x08001ac8       0x74 CMakeFiles\freertos-demo2_0.elf.dir\Middlewares\Third_Party\FreeRTOS\Source\tasks.c.obj
                0x08001ac8                vTaskStartScheduler
 .text.vTaskSuspendAll
                0x08001b3c       0x10 CMakeFiles\freertos-demo2_0.elf.dir\Middlewares\Third_Party\FreeRTOS\Source\tasks.c.obj
                0x08001b3c                vTaskSuspendAll
 .text.xTaskIncrementTick
                0x08001b4c      0x118 CMakeFiles\freertos-demo2_0.elf.dir\Middlewares\Third_Party\FreeRTOS\Source\tasks.c.obj
                0x08001b4c                xTaskIncrementTick
 .text.xTaskResumeAll
                0x08001c64       0xf8 CMakeFiles\freertos-demo2_0.elf.dir\Middlewares\Third_Party\FreeRTOS\Source\tasks.c.obj
                0x08001c64                xTaskResumeAll
 .text.vTaskDelay
                0x08001d5c       0x4c CMakeFiles\freertos-demo2_0.elf.dir\Middlewares\Third_Party\FreeRTOS\Source\tasks.c.obj
                0x08001d5c                vTaskDelay
 .text.vTaskSwitchContext
                0x08001da8       0x98 CMakeFiles\freertos-demo2_0.elf.dir\Middlewares\Third_Party\FreeRTOS\Source\tasks.c.obj
                0x08001da8                vTaskSwitchContext
 .text.__libc_init_array
                0x08001e40       0x48 d:/rj/armgnu~1/112_20~1.02/bin/../lib/gcc/arm-none-eabi/11.2.1/thumb/v7-m/nofp\libg.a(lib_a-init.o)
                0x08001e40                __libc_init_array
 .text.memset   0x08001e88       0xa4 d:/rj/armgnu~1/112_20~1.02/bin/../lib/gcc/arm-none-eabi/11.2.1/thumb/v7-m/nofp\libg.a(lib_a-memset.o)
                0x08001e88                memset
 *(.glue_7)
 .glue_7        0x08001f2c        0x0 linker stubs
 *(.glue_7t)
 .glue_7t       0x08001f2c        0x0 linker stubs
 *(.eh_frame)
 .eh_frame      0x08001f2c        0x0 d:/rj/armgnu~1/112_20~1.02/bin/../lib/gcc/arm-none-eabi/11.2.1/thumb/v7-m/nofp/crtbegin.o
 *(.init)
 .init          0x08001f2c        0x4 d:/rj/armgnu~1/112_20~1.02/bin/../lib/gcc/arm-none-eabi/11.2.1/thumb/v7-m/nofp/crti.o
                0x08001f2c                _init
 .init          0x08001f30        0x8 d:/rj/armgnu~1/112_20~1.02/bin/../lib/gcc/arm-none-eabi/11.2.1/thumb/v7-m/nofp/crtn.o
 *(.fini)
 .fini          0x08001f38        0x4 d:/rj/armgnu~1/112_20~1.02/bin/../lib/gcc/arm-none-eabi/11.2.1/thumb/v7-m/nofp/crti.o
                0x08001f38                _fini
 .fini          0x08001f3c        0x8 d:/rj/armgnu~1/112_20~1.02/bin/../lib/gcc/arm-none-eabi/11.2.1/thumb/v7-m/nofp/crtn.o
                0x08001f44                . = ALIGN (0x4)
                0x08001f44                _etext = .

.vfp11_veneer   0x08001f44        0x0
 .vfp11_veneer  0x08001f44        0x0 linker stubs

.v4_bx          0x08001f44        0x0
 .v4_bx         0x08001f44        0x0 linker stubs

.iplt           0x08001f44        0x0
 .iplt          0x08001f44        0x0 d:/rj/armgnu~1/112_20~1.02/bin/../lib/gcc/arm-none-eabi/11.2.1/thumb/v7-m/nofp/crtbegin.o

.rodata         0x08001f44       0x84
                0x08001f44                . = ALIGN (0x4)
 *(.rodata)
 .rodata        0x08001f44       0x38 CMakeFiles\freertos-demo2_0.elf.dir\Core\Src\freertos.c.obj
 *(.rodata*)
 .rodata.str1.4
                0x08001f7c       0x18 CMakeFiles\freertos-demo2_0.elf.dir\Core\Src\freertos.c.obj
 .rodata.AHBPrescTable
                0x08001f94       0x10 CMakeFiles\freertos-demo2_0.elf.dir\Core\Src\system_stm32f1xx.c.obj
                0x08001f94                AHBPrescTable
 .rodata.APBPrescTable
                0x08001fa4        0x8 CMakeFiles\freertos-demo2_0.elf.dir\Core\Src\system_stm32f1xx.c.obj
                0x08001fa4                APBPrescTable
 .rodata.aPLLMULFactorTable.1
                0x08001fac       0x10 CMakeFiles\freertos-demo2_0.elf.dir\Drivers\STM32F1xx_HAL_Driver\Src\stm32f1xx_hal_rcc.c.obj
 .rodata.aPredivFactorTable.0
                0x08001fbc        0x2 CMakeFiles\freertos-demo2_0.elf.dir\Drivers\STM32F1xx_HAL_Driver\Src\stm32f1xx_hal_rcc.c.obj
 *fill*         0x08001fbe        0x2 
 .rodata.vTaskStartScheduler.str1.4
                0x08001fc0        0x5 CMakeFiles\freertos-demo2_0.elf.dir\Middlewares\Third_Party\FreeRTOS\Source\tasks.c.obj
                0x08001fc8                . = ALIGN (0x4)
 *fill*         0x08001fc5        0x3 

.rel.dyn        0x08001fc8        0x0
 .rel.iplt      0x08001fc8        0x0 d:/rj/armgnu~1/112_20~1.02/bin/../lib/gcc/arm-none-eabi/11.2.1/thumb/v7-m/nofp/crtbegin.o

.ARM.extab      0x08001fc8        0x0
                0x08001fc8                . = ALIGN (0x4)
 *(.ARM.extab* .gnu.linkonce.armextab.*)
                0x08001fc8                . = ALIGN (0x4)

.ARM            0x08001fc8        0x0
                0x08001fc8                . = ALIGN (0x4)
                0x08001fc8                __exidx_start = .
 *(.ARM.exidx*)
                0x08001fc8                __exidx_end = .
                0x08001fc8                . = ALIGN (0x4)

.preinit_array  0x08001fc8        0x0
                0x08001fc8                . = ALIGN (0x4)
                0x08001fc8                PROVIDE (__preinit_array_start = .)
 *(.preinit_array*)
                0x08001fc8                PROVIDE (__preinit_array_end = .)
                0x08001fc8                . = ALIGN (0x4)

.init_array     0x08001fc8        0x4
                0x08001fc8                . = ALIGN (0x4)
                0x08001fc8                PROVIDE (__init_array_start = .)
 *(SORT_BY_NAME(.init_array.*))
 *(.init_array*)
 .init_array    0x08001fc8        0x4 d:/rj/armgnu~1/112_20~1.02/bin/../lib/gcc/arm-none-eabi/11.2.1/thumb/v7-m/nofp/crtbegin.o
                0x08001fcc                PROVIDE (__init_array_end = .)
                0x08001fcc                . = ALIGN (0x4)

.fini_array     0x08001fcc        0x4
                0x08001fcc                . = ALIGN (0x4)
                [!provide]                PROVIDE (__fini_array_start = .)
 *(SORT_BY_NAME(.fini_array.*))
 *(.fini_array*)
 .fini_array    0x08001fcc        0x4 d:/rj/armgnu~1/112_20~1.02/bin/../lib/gcc/arm-none-eabi/11.2.1/thumb/v7-m/nofp/crtbegin.o
                [!provide]                PROVIDE (__fini_array_end = .)
                0x08001fd0                . = ALIGN (0x4)
                0x08001fd0                _sidata = LOADADDR (.data)

.data           0x20000000       0x10 load address 0x08001fd0
                0x20000000                . = ALIGN (0x4)
                0x20000000                _sdata = .
 *(.data)
 *(.data*)
 .data.SystemCoreClock
                0x20000000        0x4 CMakeFiles\freertos-demo2_0.elf.dir\Core\Src\system_stm32f1xx.c.obj
                0x20000000                SystemCoreClock
 .data.uwTickFreq
                0x20000004        0x1 CMakeFiles\freertos-demo2_0.elf.dir\Drivers\STM32F1xx_HAL_Driver\Src\stm32f1xx_hal.c.obj
                0x20000004                uwTickFreq
 *fill*         0x20000005        0x3 
 .data.uwTickPrio
                0x20000008        0x4 CMakeFiles\freertos-demo2_0.elf.dir\Drivers\STM32F1xx_HAL_Driver\Src\stm32f1xx_hal.c.obj
                0x20000008                uwTickPrio
 .data.uxCriticalNesting
                0x2000000c        0x4 CMakeFiles\freertos-demo2_0.elf.dir\Middlewares\Third_Party\FreeRTOS\Source\portable\GCC\ARM_CM3\port.c.obj
 *(.RamFunc)
 *(.RamFunc*)
                0x20000010                . = ALIGN (0x4)
                0x20000010                _edata = .

.tm_clone_table
                0x20000010        0x0 load address 0x08001fe0
 .tm_clone_table
                0x20000010        0x0 d:/rj/armgnu~1/112_20~1.02/bin/../lib/gcc/arm-none-eabi/11.2.1/thumb/v7-m/nofp/crtbegin.o
 .tm_clone_table
                0x20000010        0x0 d:/rj/armgnu~1/112_20~1.02/bin/../lib/gcc/arm-none-eabi/11.2.1/thumb/v7-m/nofp/crtend.o

.igot.plt       0x20000010        0x0 load address 0x08001fe0
 .igot.plt      0x20000010        0x0 d:/rj/armgnu~1/112_20~1.02/bin/../lib/gcc/arm-none-eabi/11.2.1/thumb/v7-m/nofp/crtbegin.o
                0x20000010                . = ALIGN (0x4)

.bss            0x20000010     0x1010 load address 0x08001fe0
                0x20000010                _sbss = .
                0x20000010                __bss_start__ = _sbss
 *(.bss)
 *(.bss*)
 .bss.completed.1
                0x20000010        0x1 d:/rj/armgnu~1/112_20~1.02/bin/../lib/gcc/arm-none-eabi/11.2.1/thumb/v7-m/nofp/crtbegin.o
 *fill*         0x20000011        0x3 
 .bss.object.0  0x20000014       0x18 d:/rj/armgnu~1/112_20~1.02/bin/../lib/gcc/arm-none-eabi/11.2.1/thumb/v7-m/nofp/crtbegin.o
 .bss.defaultTaskHandle
                0x2000002c        0x4 CMakeFiles\freertos-demo2_0.elf.dir\Core\Src\freertos.c.obj
                0x2000002c                defaultTaskHandle
 .bss.myTask02Handle
                0x20000030        0x4 CMakeFiles\freertos-demo2_0.elf.dir\Core\Src\freertos.c.obj
                0x20000030                myTask02Handle
 .bss.xIdleStack
                0x20000034      0x200 CMakeFiles\freertos-demo2_0.elf.dir\Core\Src\freertos.c.obj
 .bss.xIdleTaskTCBBuffer
                0x20000234       0x54 CMakeFiles\freertos-demo2_0.elf.dir\Core\Src\freertos.c.obj
 .bss.htim1     0x20000288       0x48 CMakeFiles\freertos-demo2_0.elf.dir\Core\Src\stm32f1xx_hal_timebase_tim.c.obj
                0x20000288                htim1
 .bss.uwTick    0x200002d0        0x4 CMakeFiles\freertos-demo2_0.elf.dir\Drivers\STM32F1xx_HAL_Driver\Src\stm32f1xx_hal.c.obj
                0x200002d0                uwTick
 .bss.ucMaxSysCallPriority
                0x200002d4        0x1 CMakeFiles\freertos-demo2_0.elf.dir\Middlewares\Third_Party\FreeRTOS\Source\portable\GCC\ARM_CM3\port.c.obj
 *fill*         0x200002d5        0x3 
 .bss.ulMaxPRIGROUPValue
                0x200002d8        0x4 CMakeFiles\freertos-demo2_0.elf.dir\Middlewares\Third_Party\FreeRTOS\Source\portable\GCC\ARM_CM3\port.c.obj
 .bss.pxEnd     0x200002dc        0x4 CMakeFiles\freertos-demo2_0.elf.dir\Middlewares\Third_Party\FreeRTOS\Source\portable\MemMang\heap_4.c.obj
 .bss.ucHeap    0x200002e0      0xc00 CMakeFiles\freertos-demo2_0.elf.dir\Middlewares\Third_Party\FreeRTOS\Source\portable\MemMang\heap_4.c.obj
 .bss.xBlockAllocatedBit
                0x20000ee0        0x4 CMakeFiles\freertos-demo2_0.elf.dir\Middlewares\Third_Party\FreeRTOS\Source\portable\MemMang\heap_4.c.obj
 .bss.xFreeBytesRemaining
                0x20000ee4        0x4 CMakeFiles\freertos-demo2_0.elf.dir\Middlewares\Third_Party\FreeRTOS\Source\portable\MemMang\heap_4.c.obj
 .bss.xMinimumEverFreeBytesRemaining
                0x20000ee8        0x4 CMakeFiles\freertos-demo2_0.elf.dir\Middlewares\Third_Party\FreeRTOS\Source\portable\MemMang\heap_4.c.obj
 .bss.xStart    0x20000eec        0x8 CMakeFiles\freertos-demo2_0.elf.dir\Middlewares\Third_Party\FreeRTOS\Source\portable\MemMang\heap_4.c.obj
 .bss.pxCurrentTCB
                0x20000ef4        0x4 CMakeFiles\freertos-demo2_0.elf.dir\Middlewares\Third_Party\FreeRTOS\Source\tasks.c.obj
                0x20000ef4                pxCurrentTCB
 .bss.pxDelayedTaskList
                0x20000ef8        0x4 CMakeFiles\freertos-demo2_0.elf.dir\Middlewares\Third_Party\FreeRTOS\Source\tasks.c.obj
 .bss.pxOverflowDelayedTaskList
                0x20000efc        0x4 CMakeFiles\freertos-demo2_0.elf.dir\Middlewares\Third_Party\FreeRTOS\Source\tasks.c.obj
 .bss.pxReadyTasksLists
                0x20000f00       0x8c CMakeFiles\freertos-demo2_0.elf.dir\Middlewares\Third_Party\FreeRTOS\Source\tasks.c.obj
 .bss.uxCurrentNumberOfTasks
                0x20000f8c        0x4 CMakeFiles\freertos-demo2_0.elf.dir\Middlewares\Third_Party\FreeRTOS\Source\tasks.c.obj
 .bss.uxDeletedTasksWaitingCleanUp
                0x20000f90        0x4 CMakeFiles\freertos-demo2_0.elf.dir\Middlewares\Third_Party\FreeRTOS\Source\tasks.c.obj
 .bss.uxPendedTicks
                0x20000f94        0x4 CMakeFiles\freertos-demo2_0.elf.dir\Middlewares\Third_Party\FreeRTOS\Source\tasks.c.obj
 .bss.uxSchedulerSuspended
                0x20000f98        0x4 CMakeFiles\freertos-demo2_0.elf.dir\Middlewares\Third_Party\FreeRTOS\Source\tasks.c.obj
 .bss.uxTaskNumber
                0x20000f9c        0x4 CMakeFiles\freertos-demo2_0.elf.dir\Middlewares\Third_Party\FreeRTOS\Source\tasks.c.obj
 .bss.uxTopReadyPriority
                0x20000fa0        0x4 CMakeFiles\freertos-demo2_0.elf.dir\Middlewares\Third_Party\FreeRTOS\Source\tasks.c.obj
 .bss.xDelayedTaskList1
                0x20000fa4       0x14 CMakeFiles\freertos-demo2_0.elf.dir\Middlewares\Third_Party\FreeRTOS\Source\tasks.c.obj
 .bss.xDelayedTaskList2
                0x20000fb8       0x14 CMakeFiles\freertos-demo2_0.elf.dir\Middlewares\Third_Party\FreeRTOS\Source\tasks.c.obj
 .bss.xIdleTaskHandle
                0x20000fcc        0x4 CMakeFiles\freertos-demo2_0.elf.dir\Middlewares\Third_Party\FreeRTOS\Source\tasks.c.obj
 .bss.xNextTaskUnblockTime
                0x20000fd0        0x4 CMakeFiles\freertos-demo2_0.elf.dir\Middlewares\Third_Party\FreeRTOS\Source\tasks.c.obj
 .bss.xNumOfOverflows
                0x20000fd4        0x4 CMakeFiles\freertos-demo2_0.elf.dir\Middlewares\Third_Party\FreeRTOS\Source\tasks.c.obj
 .bss.xPendingReadyList
                0x20000fd8       0x14 CMakeFiles\freertos-demo2_0.elf.dir\Middlewares\Third_Party\FreeRTOS\Source\tasks.c.obj
 .bss.xSchedulerRunning
                0x20000fec        0x4 CMakeFiles\freertos-demo2_0.elf.dir\Middlewares\Third_Party\FreeRTOS\Source\tasks.c.obj
 .bss.xSuspendedTaskList
                0x20000ff0       0x14 CMakeFiles\freertos-demo2_0.elf.dir\Middlewares\Third_Party\FreeRTOS\Source\tasks.c.obj
 .bss.xTasksWaitingTermination
                0x20001004       0x14 CMakeFiles\freertos-demo2_0.elf.dir\Middlewares\Third_Party\FreeRTOS\Source\tasks.c.obj
 .bss.xTickCount
                0x20001018        0x4 CMakeFiles\freertos-demo2_0.elf.dir\Middlewares\Third_Party\FreeRTOS\Source\tasks.c.obj
 .bss.xYieldPending
                0x2000101c        0x4 CMakeFiles\freertos-demo2_0.elf.dir\Middlewares\Third_Party\FreeRTOS\Source\tasks.c.obj
 *(COMMON)
                0x20001020                . = ALIGN (0x4)
                0x20001020                _ebss = .
                0x20001020                __bss_end__ = _ebss

._user_heap_stack
                0x20001020      0x600 load address 0x08001fe0
                0x20001020                . = ALIGN (0x8)
                [!provide]                PROVIDE (end = .)
                0x20001020                PROVIDE (_end = .)
                0x20001220                . = (. + _Min_Heap_Size)
 *fill*         0x20001020      0x200 
                0x20001620                . = (. + _Min_Stack_Size)
 *fill*         0x20001220      0x400 
                0x20001620                . = ALIGN (0x8)

/DISCARD/
 libc.a(*)
 libm.a(*)
 libgcc.a(*)

.ARM.attributes
                0x00000000       0x29
 *(.ARM.attributes)
 .ARM.attributes
                0x00000000       0x1d d:/rj/armgnu~1/112_20~1.02/bin/../lib/gcc/arm-none-eabi/11.2.1/thumb/v7-m/nofp/crti.o
 .ARM.attributes
                0x0000001d       0x2d d:/rj/armgnu~1/112_20~1.02/bin/../lib/gcc/arm-none-eabi/11.2.1/thumb/v7-m/nofp/crtbegin.o
 .ARM.attributes
                0x0000004a       0x2d CMakeFiles\freertos-demo2_0.elf.dir\Core\Src\freertos.c.obj
 .ARM.attributes
                0x00000077       0x2d CMakeFiles\freertos-demo2_0.elf.dir\Core\Src\gpio.c.obj
 .ARM.attributes
                0x000000a4       0x2d CMakeFiles\freertos-demo2_0.elf.dir\Core\Src\main.c.obj
 .ARM.attributes
                0x000000d1       0x2d CMakeFiles\freertos-demo2_0.elf.dir\Core\Src\stm32f1xx_hal_msp.c.obj
 .ARM.attributes
                0x000000fe       0x2d CMakeFiles\freertos-demo2_0.elf.dir\Core\Src\stm32f1xx_hal_timebase_tim.c.obj
 .ARM.attributes
                0x0000012b       0x2d CMakeFiles\freertos-demo2_0.elf.dir\Core\Src\stm32f1xx_it.c.obj
 .ARM.attributes
                0x00000158       0x2d CMakeFiles\freertos-demo2_0.elf.dir\Core\Src\system_stm32f1xx.c.obj
 .ARM.attributes
                0x00000185       0x21 CMakeFiles\freertos-demo2_0.elf.dir\Core\Startup\startup_stm32f103c8tx.s.obj
 .ARM.attributes
                0x000001a6       0x2d CMakeFiles\freertos-demo2_0.elf.dir\Drivers\STM32F1xx_HAL_Driver\Src\stm32f1xx_hal.c.obj
 .ARM.attributes
                0x000001d3       0x2d CMakeFiles\freertos-demo2_0.elf.dir\Drivers\STM32F1xx_HAL_Driver\Src\stm32f1xx_hal_cortex.c.obj
 .ARM.attributes
                0x00000200       0x2d CMakeFiles\freertos-demo2_0.elf.dir\Drivers\STM32F1xx_HAL_Driver\Src\stm32f1xx_hal_gpio.c.obj
 .ARM.attributes
                0x0000022d       0x2d CMakeFiles\freertos-demo2_0.elf.dir\Drivers\STM32F1xx_HAL_Driver\Src\stm32f1xx_hal_rcc.c.obj
 .ARM.attributes
                0x0000025a       0x2d CMakeFiles\freertos-demo2_0.elf.dir\Drivers\STM32F1xx_HAL_Driver\Src\stm32f1xx_hal_tim.c.obj
 .ARM.attributes
                0x00000287       0x2d CMakeFiles\freertos-demo2_0.elf.dir\Drivers\STM32F1xx_HAL_Driver\Src\stm32f1xx_hal_tim_ex.c.obj
 .ARM.attributes
                0x000002b4       0x2d CMakeFiles\freertos-demo2_0.elf.dir\Middlewares\Third_Party\FreeRTOS\Source\CMSIS_RTOS\cmsis_os.c.obj
 .ARM.attributes
                0x000002e1       0x2d CMakeFiles\freertos-demo2_0.elf.dir\Middlewares\Third_Party\FreeRTOS\Source\list.c.obj
 .ARM.attributes
                0x0000030e       0x2d CMakeFiles\freertos-demo2_0.elf.dir\Middlewares\Third_Party\FreeRTOS\Source\portable\GCC\ARM_CM3\port.c.obj
 .ARM.attributes
                0x0000033b       0x2d CMakeFiles\freertos-demo2_0.elf.dir\Middlewares\Third_Party\FreeRTOS\Source\portable\MemMang\heap_4.c.obj
 .ARM.attributes
                0x00000368       0x2d CMakeFiles\freertos-demo2_0.elf.dir\Middlewares\Third_Party\FreeRTOS\Source\tasks.c.obj
 .ARM.attributes
                0x00000395       0x2d d:/rj/armgnu~1/112_20~1.02/bin/../lib/gcc/arm-none-eabi/11.2.1/thumb/v7-m/nofp\libg.a(lib_a-init.o)
 .ARM.attributes
                0x000003c2       0x2d d:/rj/armgnu~1/112_20~1.02/bin/../lib/gcc/arm-none-eabi/11.2.1/thumb/v7-m/nofp\libg.a(lib_a-memset.o)
 .ARM.attributes
                0x000003ef       0x2d d:/rj/armgnu~1/112_20~1.02/bin/../lib/gcc/arm-none-eabi/11.2.1/thumb/v7-m/nofp/crtend.o
 .ARM.attributes
                0x0000041c       0x1d d:/rj/armgnu~1/112_20~1.02/bin/../lib/gcc/arm-none-eabi/11.2.1/thumb/v7-m/nofp/crtn.o
OUTPUT(freertos-demo2_0.elf elf32-littlearm)
LOAD linker stubs
LOAD d:/rj/armgnu~1/112_20~1.02/bin/../lib/gcc/arm-none-eabi/11.2.1/thumb/v7-m/nofp\libc.a
LOAD d:/rj/armgnu~1/112_20~1.02/bin/../lib/gcc/arm-none-eabi/11.2.1/thumb/v7-m/nofp\libm.a
LOAD d:/rj/armgnu~1/112_20~1.02/bin/../lib/gcc/arm-none-eabi/11.2.1/thumb/v7-m/nofp\libgcc.a

.comment        0x00000000       0x57
 .comment       0x00000000       0x57 d:/rj/armgnu~1/112_20~1.02/bin/../lib/gcc/arm-none-eabi/11.2.1/thumb/v7-m/nofp/crtbegin.o
                                 0x58 (size before relaxing)
 .comment       0x00000057       0x58 CMakeFiles\freertos-demo2_0.elf.dir\Core\Src\freertos.c.obj
 .comment       0x00000057       0x58 CMakeFiles\freertos-demo2_0.elf.dir\Core\Src\gpio.c.obj
 .comment       0x00000057       0x58 CMakeFiles\freertos-demo2_0.elf.dir\Core\Src\main.c.obj
 .comment       0x00000057       0x58 CMakeFiles\freertos-demo2_0.elf.dir\Core\Src\stm32f1xx_hal_msp.c.obj
 .comment       0x00000057       0x58 CMakeFiles\freertos-demo2_0.elf.dir\Core\Src\stm32f1xx_hal_timebase_tim.c.obj
 .comment       0x00000057       0x58 CMakeFiles\freertos-demo2_0.elf.dir\Core\Src\stm32f1xx_it.c.obj
 .comment       0x00000057       0x58 CMakeFiles\freertos-demo2_0.elf.dir\Core\Src\system_stm32f1xx.c.obj
 .comment       0x00000057       0x58 CMakeFiles\freertos-demo2_0.elf.dir\Drivers\STM32F1xx_HAL_Driver\Src\stm32f1xx_hal.c.obj
 .comment       0x00000057       0x58 CMakeFiles\freertos-demo2_0.elf.dir\Drivers\STM32F1xx_HAL_Driver\Src\stm32f1xx_hal_cortex.c.obj
 .comment       0x00000057       0x58 CMakeFiles\freertos-demo2_0.elf.dir\Drivers\STM32F1xx_HAL_Driver\Src\stm32f1xx_hal_gpio.c.obj
 .comment       0x00000057       0x58 CMakeFiles\freertos-demo2_0.elf.dir\Drivers\STM32F1xx_HAL_Driver\Src\stm32f1xx_hal_rcc.c.obj
 .comment       0x00000057       0x58 CMakeFiles\freertos-demo2_0.elf.dir\Drivers\STM32F1xx_HAL_Driver\Src\stm32f1xx_hal_tim.c.obj
 .comment       0x00000057       0x58 CMakeFiles\freertos-demo2_0.elf.dir\Drivers\STM32F1xx_HAL_Driver\Src\stm32f1xx_hal_tim_ex.c.obj
 .comment       0x00000057       0x58 CMakeFiles\freertos-demo2_0.elf.dir\Middlewares\Third_Party\FreeRTOS\Source\CMSIS_RTOS\cmsis_os.c.obj
 .comment       0x00000057       0x58 CMakeFiles\freertos-demo2_0.elf.dir\Middlewares\Third_Party\FreeRTOS\Source\list.c.obj
 .comment       0x00000057       0x58 CMakeFiles\freertos-demo2_0.elf.dir\Middlewares\Third_Party\FreeRTOS\Source\portable\GCC\ARM_CM3\port.c.obj
 .comment       0x00000057       0x58 CMakeFiles\freertos-demo2_0.elf.dir\Middlewares\Third_Party\FreeRTOS\Source\portable\MemMang\heap_4.c.obj
 .comment       0x00000057       0x58 CMakeFiles\freertos-demo2_0.elf.dir\Middlewares\Third_Party\FreeRTOS\Source\tasks.c.obj
 .comment       0x00000057       0x58 d:/rj/armgnu~1/112_20~1.02/bin/../lib/gcc/arm-none-eabi/11.2.1/thumb/v7-m/nofp\libg.a(lib_a-init.o)
 .comment       0x00000057       0x58 d:/rj/armgnu~1/112_20~1.02/bin/../lib/gcc/arm-none-eabi/11.2.1/thumb/v7-m/nofp\libg.a(lib_a-memset.o)
 .comment       0x00000057       0x58 d:/rj/armgnu~1/112_20~1.02/bin/../lib/gcc/arm-none-eabi/11.2.1/thumb/v7-m/nofp/crtend.o

.debug_info     0x00000000     0xfc7b
 .debug_info    0x00000000      0x603 CMakeFiles\freertos-demo2_0.elf.dir\Core\Src\freertos.c.obj
 .debug_info    0x00000603      0x341 CMakeFiles\freertos-demo2_0.elf.dir\Core\Src\gpio.c.obj
 .debug_info    0x00000944      0x94a CMakeFiles\freertos-demo2_0.elf.dir\Core\Src\main.c.obj
 .debug_info    0x0000128e      0x382 CMakeFiles\freertos-demo2_0.elf.dir\Core\Src\stm32f1xx_hal_msp.c.obj
 .debug_info    0x00001610      0xa29 CMakeFiles\freertos-demo2_0.elf.dir\Core\Src\stm32f1xx_hal_timebase_tim.c.obj
 .debug_info    0x00002039      0x674 CMakeFiles\freertos-demo2_0.elf.dir\Core\Src\stm32f1xx_it.c.obj
 .debug_info    0x000026ad      0x22d CMakeFiles\freertos-demo2_0.elf.dir\Core\Src\system_stm32f1xx.c.obj
 .debug_info    0x000028da       0x23 CMakeFiles\freertos-demo2_0.elf.dir\Core\Startup\startup_stm32f103c8tx.s.obj
 .debug_info    0x000028fd      0x7a2 CMakeFiles\freertos-demo2_0.elf.dir\Drivers\STM32F1xx_HAL_Driver\Src\stm32f1xx_hal.c.obj
 .debug_info    0x0000309f      0xcc5 CMakeFiles\freertos-demo2_0.elf.dir\Drivers\STM32F1xx_HAL_Driver\Src\stm32f1xx_hal_cortex.c.obj
 .debug_info    0x00003d64      0x604 CMakeFiles\freertos-demo2_0.elf.dir\Drivers\STM32F1xx_HAL_Driver\Src\stm32f1xx_hal_gpio.c.obj
 .debug_info    0x00004368      0x9c7 CMakeFiles\freertos-demo2_0.elf.dir\Drivers\STM32F1xx_HAL_Driver\Src\stm32f1xx_hal_rcc.c.obj
 .debug_info    0x00004d2f     0x3b74 CMakeFiles\freertos-demo2_0.elf.dir\Drivers\STM32F1xx_HAL_Driver\Src\stm32f1xx_hal_tim.c.obj
 .debug_info    0x000088a3     0x1a88 CMakeFiles\freertos-demo2_0.elf.dir\Drivers\STM32F1xx_HAL_Driver\Src\stm32f1xx_hal_tim_ex.c.obj
 .debug_info    0x0000a32b     0x23cf CMakeFiles\freertos-demo2_0.elf.dir\Middlewares\Third_Party\FreeRTOS\Source\CMSIS_RTOS\cmsis_os.c.obj
 .debug_info    0x0000c6fa      0x2ba CMakeFiles\freertos-demo2_0.elf.dir\Middlewares\Third_Party\FreeRTOS\Source\list.c.obj
 .debug_info    0x0000c9b4      0x505 CMakeFiles\freertos-demo2_0.elf.dir\Middlewares\Third_Party\FreeRTOS\Source\portable\GCC\ARM_CM3\port.c.obj
 .debug_info    0x0000ceb9      0x452 CMakeFiles\freertos-demo2_0.elf.dir\Middlewares\Third_Party\FreeRTOS\Source\portable\MemMang\heap_4.c.obj
 .debug_info    0x0000d30b     0x2730 CMakeFiles\freertos-demo2_0.elf.dir\Middlewares\Third_Party\FreeRTOS\Source\tasks.c.obj
 .debug_info    0x0000fa3b      0x10b d:/rj/armgnu~1/112_20~1.02/bin/../lib/gcc/arm-none-eabi/11.2.1/thumb/v7-m/nofp\libg.a(lib_a-init.o)
 .debug_info    0x0000fb46      0x135 d:/rj/armgnu~1/112_20~1.02/bin/../lib/gcc/arm-none-eabi/11.2.1/thumb/v7-m/nofp\libg.a(lib_a-memset.o)

.debug_abbrev   0x00000000     0x2955
 .debug_abbrev  0x00000000      0x1b9 CMakeFiles\freertos-demo2_0.elf.dir\Core\Src\freertos.c.obj
 .debug_abbrev  0x000001b9      0x151 CMakeFiles\freertos-demo2_0.elf.dir\Core\Src\gpio.c.obj
 .debug_abbrev  0x0000030a      0x241 CMakeFiles\freertos-demo2_0.elf.dir\Core\Src\main.c.obj
 .debug_abbrev  0x0000054b      0x137 CMakeFiles\freertos-demo2_0.elf.dir\Core\Src\stm32f1xx_hal_msp.c.obj
 .debug_abbrev  0x00000682      0x232 CMakeFiles\freertos-demo2_0.elf.dir\Core\Src\stm32f1xx_hal_timebase_tim.c.obj
 .debug_abbrev  0x000008b4      0x185 CMakeFiles\freertos-demo2_0.elf.dir\Core\Src\stm32f1xx_it.c.obj
 .debug_abbrev  0x00000a39      0x143 CMakeFiles\freertos-demo2_0.elf.dir\Core\Src\system_stm32f1xx.c.obj
 .debug_abbrev  0x00000b7c       0x12 CMakeFiles\freertos-demo2_0.elf.dir\Core\Startup\startup_stm32f103c8tx.s.obj
 .debug_abbrev  0x00000b8e      0x22d CMakeFiles\freertos-demo2_0.elf.dir\Drivers\STM32F1xx_HAL_Driver\Src\stm32f1xx_hal.c.obj
 .debug_abbrev  0x00000dbb      0x348 CMakeFiles\freertos-demo2_0.elf.dir\Drivers\STM32F1xx_HAL_Driver\Src\stm32f1xx_hal_cortex.c.obj
 .debug_abbrev  0x00001103      0x1f7 CMakeFiles\freertos-demo2_0.elf.dir\Drivers\STM32F1xx_HAL_Driver\Src\stm32f1xx_hal_gpio.c.obj
 .debug_abbrev  0x000012fa      0x2a0 CMakeFiles\freertos-demo2_0.elf.dir\Drivers\STM32F1xx_HAL_Driver\Src\stm32f1xx_hal_rcc.c.obj
 .debug_abbrev  0x0000159a      0x270 CMakeFiles\freertos-demo2_0.elf.dir\Drivers\STM32F1xx_HAL_Driver\Src\stm32f1xx_hal_tim.c.obj
 .debug_abbrev  0x0000180a      0x26e CMakeFiles\freertos-demo2_0.elf.dir\Drivers\STM32F1xx_HAL_Driver\Src\stm32f1xx_hal_tim_ex.c.obj
 .debug_abbrev  0x00001a78      0x3d8 CMakeFiles\freertos-demo2_0.elf.dir\Middlewares\Third_Party\FreeRTOS\Source\CMSIS_RTOS\cmsis_os.c.obj
 .debug_abbrev  0x00001e50      0x10a CMakeFiles\freertos-demo2_0.elf.dir\Middlewares\Third_Party\FreeRTOS\Source\list.c.obj
 .debug_abbrev  0x00001f5a      0x2a4 CMakeFiles\freertos-demo2_0.elf.dir\Middlewares\Third_Party\FreeRTOS\Source\portable\GCC\ARM_CM3\port.c.obj
 .debug_abbrev  0x000021fe      0x24b CMakeFiles\freertos-demo2_0.elf.dir\Middlewares\Third_Party\FreeRTOS\Source\portable\MemMang\heap_4.c.obj
 .debug_abbrev  0x00002449      0x38c CMakeFiles\freertos-demo2_0.elf.dir\Middlewares\Third_Party\FreeRTOS\Source\tasks.c.obj
 .debug_abbrev  0x000027d5       0xc9 d:/rj/armgnu~1/112_20~1.02/bin/../lib/gcc/arm-none-eabi/11.2.1/thumb/v7-m/nofp\libg.a(lib_a-init.o)
 .debug_abbrev  0x0000289e       0xb7 d:/rj/armgnu~1/112_20~1.02/bin/../lib/gcc/arm-none-eabi/11.2.1/thumb/v7-m/nofp\libg.a(lib_a-memset.o)

.debug_loclists
                0x00000000     0x759f
 .debug_loclists
                0x00000000       0x3a CMakeFiles\freertos-demo2_0.elf.dir\Core\Src\freertos.c.obj
 .debug_loclists
                0x0000003a       0x34 CMakeFiles\freertos-demo2_0.elf.dir\Core\Src\main.c.obj
 .debug_loclists
                0x0000006e       0x17 CMakeFiles\freertos-demo2_0.elf.dir\Core\Src\stm32f1xx_hal_msp.c.obj
 .debug_loclists
                0x00000085       0x80 CMakeFiles\freertos-demo2_0.elf.dir\Core\Src\stm32f1xx_hal_timebase_tim.c.obj
 .debug_loclists
                0x00000105       0xa5 CMakeFiles\freertos-demo2_0.elf.dir\Core\Src\system_stm32f1xx.c.obj
 .debug_loclists
                0x000001aa       0xc9 CMakeFiles\freertos-demo2_0.elf.dir\Drivers\STM32F1xx_HAL_Driver\Src\stm32f1xx_hal.c.obj
 .debug_loclists
                0x00000273      0x4c4 CMakeFiles\freertos-demo2_0.elf.dir\Drivers\STM32F1xx_HAL_Driver\Src\stm32f1xx_hal_cortex.c.obj
 .debug_loclists
                0x00000737      0x2ea CMakeFiles\freertos-demo2_0.elf.dir\Drivers\STM32F1xx_HAL_Driver\Src\stm32f1xx_hal_gpio.c.obj
 .debug_loclists
                0x00000a21      0x3f8 CMakeFiles\freertos-demo2_0.elf.dir\Drivers\STM32F1xx_HAL_Driver\Src\stm32f1xx_hal_rcc.c.obj
 .debug_loclists
                0x00000e19     0x330f CMakeFiles\freertos-demo2_0.elf.dir\Drivers\STM32F1xx_HAL_Driver\Src\stm32f1xx_hal_tim.c.obj
 .debug_loclists
                0x00004128     0x124a CMakeFiles\freertos-demo2_0.elf.dir\Drivers\STM32F1xx_HAL_Driver\Src\stm32f1xx_hal_tim_ex.c.obj
 .debug_loclists
                0x00005372      0xb46 CMakeFiles\freertos-demo2_0.elf.dir\Middlewares\Third_Party\FreeRTOS\Source\CMSIS_RTOS\cmsis_os.c.obj
 .debug_loclists
                0x00005eb8       0x6f CMakeFiles\freertos-demo2_0.elf.dir\Middlewares\Third_Party\FreeRTOS\Source\list.c.obj
 .debug_loclists
                0x00005f27       0x92 CMakeFiles\freertos-demo2_0.elf.dir\Middlewares\Third_Party\FreeRTOS\Source\portable\GCC\ARM_CM3\port.c.obj
 .debug_loclists
                0x00005fb9      0x1fd CMakeFiles\freertos-demo2_0.elf.dir\Middlewares\Third_Party\FreeRTOS\Source\portable\MemMang\heap_4.c.obj
 .debug_loclists
                0x000061b6     0x11ca CMakeFiles\freertos-demo2_0.elf.dir\Middlewares\Third_Party\FreeRTOS\Source\tasks.c.obj
 .debug_loclists
                0x00007380       0x7a d:/rj/armgnu~1/112_20~1.02/bin/../lib/gcc/arm-none-eabi/11.2.1/thumb/v7-m/nofp\libg.a(lib_a-init.o)
 .debug_loclists
                0x000073fa      0x1a5 d:/rj/armgnu~1/112_20~1.02/bin/../lib/gcc/arm-none-eabi/11.2.1/thumb/v7-m/nofp\libg.a(lib_a-memset.o)

.debug_aranges  0x00000000      0xdd8
 .debug_aranges
                0x00000000       0x38 CMakeFiles\freertos-demo2_0.elf.dir\Core\Src\freertos.c.obj
 .debug_aranges
                0x00000038       0x20 CMakeFiles\freertos-demo2_0.elf.dir\Core\Src\gpio.c.obj
 .debug_aranges
                0x00000058       0x38 CMakeFiles\freertos-demo2_0.elf.dir\Core\Src\main.c.obj
 .debug_aranges
                0x00000090       0x20 CMakeFiles\freertos-demo2_0.elf.dir\Core\Src\stm32f1xx_hal_msp.c.obj
 .debug_aranges
                0x000000b0       0x30 CMakeFiles\freertos-demo2_0.elf.dir\Core\Src\stm32f1xx_hal_timebase_tim.c.obj
 .debug_aranges
                0x000000e0       0x50 CMakeFiles\freertos-demo2_0.elf.dir\Core\Src\stm32f1xx_it.c.obj
 .debug_aranges
                0x00000130       0x28 CMakeFiles\freertos-demo2_0.elf.dir\Core\Src\system_stm32f1xx.c.obj
 .debug_aranges
                0x00000158       0x28 CMakeFiles\freertos-demo2_0.elf.dir\Core\Startup\startup_stm32f103c8tx.s.obj
 .debug_aranges
                0x00000180       0xe0 CMakeFiles\freertos-demo2_0.elf.dir\Drivers\STM32F1xx_HAL_Driver\Src\stm32f1xx_hal.c.obj
 .debug_aranges
                0x00000260       0x90 CMakeFiles\freertos-demo2_0.elf.dir\Drivers\STM32F1xx_HAL_Driver\Src\stm32f1xx_hal_cortex.c.obj
 .debug_aranges
                0x000002f0       0x58 CMakeFiles\freertos-demo2_0.elf.dir\Drivers\STM32F1xx_HAL_Driver\Src\stm32f1xx_hal_gpio.c.obj
 .debug_aranges
                0x00000348       0x90 CMakeFiles\freertos-demo2_0.elf.dir\Drivers\STM32F1xx_HAL_Driver\Src\stm32f1xx_hal_rcc.c.obj
 .debug_aranges
                0x000003d8      0x3d0 CMakeFiles\freertos-demo2_0.elf.dir\Drivers\STM32F1xx_HAL_Driver\Src\stm32f1xx_hal_tim.c.obj
 .debug_aranges
                0x000007a8      0x168 CMakeFiles\freertos-demo2_0.elf.dir\Drivers\STM32F1xx_HAL_Driver\Src\stm32f1xx_hal_tim_ex.c.obj
 .debug_aranges
                0x00000910      0x1d8 CMakeFiles\freertos-demo2_0.elf.dir\Middlewares\Third_Party\FreeRTOS\Source\CMSIS_RTOS\cmsis_os.c.obj
 .debug_aranges
                0x00000ae8       0x40 CMakeFiles\freertos-demo2_0.elf.dir\Middlewares\Third_Party\FreeRTOS\Source\list.c.obj
 .debug_aranges
                0x00000b28       0x78 CMakeFiles\freertos-demo2_0.elf.dir\Middlewares\Third_Party\FreeRTOS\Source\portable\GCC\ARM_CM3\port.c.obj
 .debug_aranges
                0x00000ba0       0x50 CMakeFiles\freertos-demo2_0.elf.dir\Middlewares\Third_Party\FreeRTOS\Source\portable\MemMang\heap_4.c.obj
 .debug_aranges
                0x00000bf0      0x1a8 CMakeFiles\freertos-demo2_0.elf.dir\Middlewares\Third_Party\FreeRTOS\Source\tasks.c.obj
 .debug_aranges
                0x00000d98       0x20 d:/rj/armgnu~1/112_20~1.02/bin/../lib/gcc/arm-none-eabi/11.2.1/thumb/v7-m/nofp\libg.a(lib_a-init.o)
 .debug_aranges
                0x00000db8       0x20 d:/rj/armgnu~1/112_20~1.02/bin/../lib/gcc/arm-none-eabi/11.2.1/thumb/v7-m/nofp\libg.a(lib_a-memset.o)

.debug_rnglists
                0x00000000      0xb01
 .debug_rnglists
                0x00000000       0x25 CMakeFiles\freertos-demo2_0.elf.dir\Core\Src\freertos.c.obj
 .debug_rnglists
                0x00000025       0x14 CMakeFiles\freertos-demo2_0.elf.dir\Core\Src\gpio.c.obj
 .debug_rnglists
                0x00000039       0x25 CMakeFiles\freertos-demo2_0.elf.dir\Core\Src\main.c.obj
 .debug_rnglists
                0x0000005e       0x13 CMakeFiles\freertos-demo2_0.elf.dir\Core\Src\stm32f1xx_hal_msp.c.obj
 .debug_rnglists
                0x00000071       0x20 CMakeFiles\freertos-demo2_0.elf.dir\Core\Src\stm32f1xx_hal_timebase_tim.c.obj
 .debug_rnglists
                0x00000091       0x37 CMakeFiles\freertos-demo2_0.elf.dir\Core\Src\stm32f1xx_it.c.obj
 .debug_rnglists
                0x000000c8       0x1a CMakeFiles\freertos-demo2_0.elf.dir\Core\Src\system_stm32f1xx.c.obj
 .debug_rnglists
                0x000000e2       0x19 CMakeFiles\freertos-demo2_0.elf.dir\Core\Startup\startup_stm32f103c8tx.s.obj
 .debug_rnglists
                0x000000fb       0xa3 CMakeFiles\freertos-demo2_0.elf.dir\Drivers\STM32F1xx_HAL_Driver\Src\stm32f1xx_hal.c.obj
 .debug_rnglists
                0x0000019e       0x97 CMakeFiles\freertos-demo2_0.elf.dir\Drivers\STM32F1xx_HAL_Driver\Src\stm32f1xx_hal_cortex.c.obj
 .debug_rnglists
                0x00000235       0x3f CMakeFiles\freertos-demo2_0.elf.dir\Drivers\STM32F1xx_HAL_Driver\Src\stm32f1xx_hal_gpio.c.obj
 .debug_rnglists
                0x00000274       0x7d CMakeFiles\freertos-demo2_0.elf.dir\Drivers\STM32F1xx_HAL_Driver\Src\stm32f1xx_hal_rcc.c.obj
 .debug_rnglists
                0x000002f1      0x2ff CMakeFiles\freertos-demo2_0.elf.dir\Drivers\STM32F1xx_HAL_Driver\Src\stm32f1xx_hal_tim.c.obj
 .debug_rnglists
                0x000005f0      0x11a CMakeFiles\freertos-demo2_0.elf.dir\Drivers\STM32F1xx_HAL_Driver\Src\stm32f1xx_hal_tim_ex.c.obj
 .debug_rnglists
                0x0000070a      0x15f CMakeFiles\freertos-demo2_0.elf.dir\Middlewares\Third_Party\FreeRTOS\Source\CMSIS_RTOS\cmsis_os.c.obj
 .debug_rnglists
                0x00000869       0x2b CMakeFiles\freertos-demo2_0.elf.dir\Middlewares\Third_Party\FreeRTOS\Source\list.c.obj
 .debug_rnglists
                0x00000894       0x56 CMakeFiles\freertos-demo2_0.elf.dir\Middlewares\Third_Party\FreeRTOS\Source\portable\GCC\ARM_CM3\port.c.obj
 .debug_rnglists
                0x000008ea       0x38 CMakeFiles\freertos-demo2_0.elf.dir\Middlewares\Third_Party\FreeRTOS\Source\portable\MemMang\heap_4.c.obj
 .debug_rnglists
                0x00000922      0x1b8 CMakeFiles\freertos-demo2_0.elf.dir\Middlewares\Third_Party\FreeRTOS\Source\tasks.c.obj
 .debug_rnglists
                0x00000ada       0x13 d:/rj/armgnu~1/112_20~1.02/bin/../lib/gcc/arm-none-eabi/11.2.1/thumb/v7-m/nofp\libg.a(lib_a-init.o)
 .debug_rnglists
                0x00000aed       0x14 d:/rj/armgnu~1/112_20~1.02/bin/../lib/gcc/arm-none-eabi/11.2.1/thumb/v7-m/nofp\libg.a(lib_a-memset.o)

.debug_line     0x00000000     0xe417
 .debug_line    0x00000000      0x3fc CMakeFiles\freertos-demo2_0.elf.dir\Core\Src\freertos.c.obj
 .debug_line    0x000003fc      0x24a CMakeFiles\freertos-demo2_0.elf.dir\Core\Src\gpio.c.obj
 .debug_line    0x00000646      0x471 CMakeFiles\freertos-demo2_0.elf.dir\Core\Src\main.c.obj
 .debug_line    0x00000ab7      0x208 CMakeFiles\freertos-demo2_0.elf.dir\Core\Src\stm32f1xx_hal_msp.c.obj
 .debug_line    0x00000cbf      0x338 CMakeFiles\freertos-demo2_0.elf.dir\Core\Src\stm32f1xx_hal_timebase_tim.c.obj
 .debug_line    0x00000ff7      0x2eb CMakeFiles\freertos-demo2_0.elf.dir\Core\Src\stm32f1xx_it.c.obj
 .debug_line    0x000012e2      0x262 CMakeFiles\freertos-demo2_0.elf.dir\Core\Src\system_stm32f1xx.c.obj
 .debug_line    0x00001544       0x78 CMakeFiles\freertos-demo2_0.elf.dir\Core\Startup\startup_stm32f103c8tx.s.obj
 .debug_line    0x000015bc      0x5b2 CMakeFiles\freertos-demo2_0.elf.dir\Drivers\STM32F1xx_HAL_Driver\Src\stm32f1xx_hal.c.obj
 .debug_line    0x00001b6e      0x688 CMakeFiles\freertos-demo2_0.elf.dir\Drivers\STM32F1xx_HAL_Driver\Src\stm32f1xx_hal_cortex.c.obj
 .debug_line    0x000021f6      0x62b CMakeFiles\freertos-demo2_0.elf.dir\Drivers\STM32F1xx_HAL_Driver\Src\stm32f1xx_hal_gpio.c.obj
 .debug_line    0x00002821      0xc66 CMakeFiles\freertos-demo2_0.elf.dir\Drivers\STM32F1xx_HAL_Driver\Src\stm32f1xx_hal_rcc.c.obj
 .debug_line    0x00003487     0x49c2 CMakeFiles\freertos-demo2_0.elf.dir\Drivers\STM32F1xx_HAL_Driver\Src\stm32f1xx_hal_tim.c.obj
 .debug_line    0x00007e49     0x1c39 CMakeFiles\freertos-demo2_0.elf.dir\Drivers\STM32F1xx_HAL_Driver\Src\stm32f1xx_hal_tim_ex.c.obj
 .debug_line    0x00009a82     0x129a CMakeFiles\freertos-demo2_0.elf.dir\Middlewares\Third_Party\FreeRTOS\Source\CMSIS_RTOS\cmsis_os.c.obj
 .debug_line    0x0000ad1c      0x3c4 CMakeFiles\freertos-demo2_0.elf.dir\Middlewares\Third_Party\FreeRTOS\Source\list.c.obj
 .debug_line    0x0000b0e0      0x644 CMakeFiles\freertos-demo2_0.elf.dir\Middlewares\Third_Party\FreeRTOS\Source\portable\GCC\ARM_CM3\port.c.obj
 .debug_line    0x0000b724      0x696 CMakeFiles\freertos-demo2_0.elf.dir\Middlewares\Third_Party\FreeRTOS\Source\portable\MemMang\heap_4.c.obj
 .debug_line    0x0000bdba     0x229b CMakeFiles\freertos-demo2_0.elf.dir\Middlewares\Third_Party\FreeRTOS\Source\tasks.c.obj
 .debug_line    0x0000e055      0x185 d:/rj/armgnu~1/112_20~1.02/bin/../lib/gcc/arm-none-eabi/11.2.1/thumb/v7-m/nofp\libg.a(lib_a-init.o)
 .debug_line    0x0000e1da      0x23d d:/rj/armgnu~1/112_20~1.02/bin/../lib/gcc/arm-none-eabi/11.2.1/thumb/v7-m/nofp\libg.a(lib_a-memset.o)

.debug_str      0x00000000     0x4ec7
 .debug_str     0x00000000      0x5b1 CMakeFiles\freertos-demo2_0.elf.dir\Core\Src\freertos.c.obj
                                0x632 (size before relaxing)
 .debug_str     0x000005b1      0x10d CMakeFiles\freertos-demo2_0.elf.dir\Core\Src\gpio.c.obj
                                0x2e1 (size before relaxing)
 .debug_str     0x000006be      0x68b CMakeFiles\freertos-demo2_0.elf.dir\Core\Src\main.c.obj
                                0x9a6 (size before relaxing)
 .debug_str     0x00000d49      0x37f CMakeFiles\freertos-demo2_0.elf.dir\Core\Src\stm32f1xx_hal_msp.c.obj
                                0x569 (size before relaxing)
 .debug_str     0x000010c8      0x13b CMakeFiles\freertos-demo2_0.elf.dir\Core\Src\stm32f1xx_hal_timebase_tim.c.obj
                                0xb62 (size before relaxing)
 .debug_str     0x00001203       0xd7 CMakeFiles\freertos-demo2_0.elf.dir\Core\Src\stm32f1xx_it.c.obj
                                0x735 (size before relaxing)
 .debug_str     0x000012da       0xaf CMakeFiles\freertos-demo2_0.elf.dir\Core\Src\system_stm32f1xx.c.obj
                                0x2aa (size before relaxing)
 .debug_str     0x00001389       0x24 CMakeFiles\freertos-demo2_0.elf.dir\Core\Startup\startup_stm32f103c8tx.s.obj
                                 0x6a (size before relaxing)
 .debug_str     0x000013ad      0x2e9 CMakeFiles\freertos-demo2_0.elf.dir\Drivers\STM32F1xx_HAL_Driver\Src\stm32f1xx_hal.c.obj
                                0x884 (size before relaxing)
 .debug_str     0x00001696      0x3d0 CMakeFiles\freertos-demo2_0.elf.dir\Drivers\STM32F1xx_HAL_Driver\Src\stm32f1xx_hal_cortex.c.obj
                                0x929 (size before relaxing)
 .debug_str     0x00001a66      0x13a CMakeFiles\freertos-demo2_0.elf.dir\Drivers\STM32F1xx_HAL_Driver\Src\stm32f1xx_hal_gpio.c.obj
                                0x456 (size before relaxing)
 .debug_str     0x00001ba0      0x1ef CMakeFiles\freertos-demo2_0.elf.dir\Drivers\STM32F1xx_HAL_Driver\Src\stm32f1xx_hal_rcc.c.obj
                                0x681 (size before relaxing)
 .debug_str     0x00001d8f      0xf3b CMakeFiles\freertos-demo2_0.elf.dir\Drivers\STM32F1xx_HAL_Driver\Src\stm32f1xx_hal_tim.c.obj
                               0x16cb (size before relaxing)
 .debug_str     0x00002cca      0x58f CMakeFiles\freertos-demo2_0.elf.dir\Drivers\STM32F1xx_HAL_Driver\Src\stm32f1xx_hal_tim_ex.c.obj
                                0xee7 (size before relaxing)
 .debug_str     0x00003259      0xaf2 CMakeFiles\freertos-demo2_0.elf.dir\Middlewares\Third_Party\FreeRTOS\Source\CMSIS_RTOS\cmsis_os.c.obj
                               0x1088 (size before relaxing)
 .debug_str     0x00003d4b      0x16a CMakeFiles\freertos-demo2_0.elf.dir\Middlewares\Third_Party\FreeRTOS\Source\list.c.obj
                                0x34b (size before relaxing)
 .debug_str     0x00003eb5      0x24e CMakeFiles\freertos-demo2_0.elf.dir\Middlewares\Third_Party\FreeRTOS\Source\portable\GCC\ARM_CM3\port.c.obj
                                0x4b7 (size before relaxing)
 .debug_str     0x00004103      0x212 CMakeFiles\freertos-demo2_0.elf.dir\Middlewares\Third_Party\FreeRTOS\Source\portable\MemMang\heap_4.c.obj
                                0x43f (size before relaxing)
 .debug_str     0x00004315      0x8fe CMakeFiles\freertos-demo2_0.elf.dir\Middlewares\Third_Party\FreeRTOS\Source\tasks.c.obj
                               0x101f (size before relaxing)
 .debug_str     0x00004c13      0x1c8 d:/rj/armgnu~1/112_20~1.02/bin/../lib/gcc/arm-none-eabi/11.2.1/thumb/v7-m/nofp\libg.a(lib_a-init.o)
                                0x26a (size before relaxing)
 .debug_str     0x00004ddb       0xec d:/rj/armgnu~1/112_20~1.02/bin/../lib/gcc/arm-none-eabi/11.2.1/thumb/v7-m/nofp\libg.a(lib_a-memset.o)
                                0x21f (size before relaxing)

.debug_frame    0x00000000     0x2414
 .debug_frame   0x00000000       0x70 CMakeFiles\freertos-demo2_0.elf.dir\Core\Src\freertos.c.obj
 .debug_frame   0x00000070       0x34 CMakeFiles\freertos-demo2_0.elf.dir\Core\Src\gpio.c.obj
 .debug_frame   0x000000a4       0x70 CMakeFiles\freertos-demo2_0.elf.dir\Core\Src\main.c.obj
 .debug_frame   0x00000114       0x2c CMakeFiles\freertos-demo2_0.elf.dir\Core\Src\stm32f1xx_hal_msp.c.obj
 .debug_frame   0x00000140       0x54 CMakeFiles\freertos-demo2_0.elf.dir\Core\Src\stm32f1xx_hal_timebase_tim.c.obj
 .debug_frame   0x00000194       0x88 CMakeFiles\freertos-demo2_0.elf.dir\Core\Src\stm32f1xx_it.c.obj
 .debug_frame   0x0000021c       0x30 CMakeFiles\freertos-demo2_0.elf.dir\Core\Src\system_stm32f1xx.c.obj
 .debug_frame   0x0000024c      0x1cc CMakeFiles\freertos-demo2_0.elf.dir\Drivers\STM32F1xx_HAL_Driver\Src\stm32f1xx_hal.c.obj
 .debug_frame   0x00000418      0x118 CMakeFiles\freertos-demo2_0.elf.dir\Drivers\STM32F1xx_HAL_Driver\Src\stm32f1xx_hal_cortex.c.obj
 .debug_frame   0x00000530       0xe4 CMakeFiles\freertos-demo2_0.elf.dir\Drivers\STM32F1xx_HAL_Driver\Src\stm32f1xx_hal_gpio.c.obj
 .debug_frame   0x00000614      0x184 CMakeFiles\freertos-demo2_0.elf.dir\Drivers\STM32F1xx_HAL_Driver\Src\stm32f1xx_hal_rcc.c.obj
 .debug_frame   0x00000798      0xb14 CMakeFiles\freertos-demo2_0.elf.dir\Drivers\STM32F1xx_HAL_Driver\Src\stm32f1xx_hal_tim.c.obj
 .debug_frame   0x000012ac      0x40c CMakeFiles\freertos-demo2_0.elf.dir\Drivers\STM32F1xx_HAL_Driver\Src\stm32f1xx_hal_tim_ex.c.obj
 .debug_frame   0x000016b8      0x58c CMakeFiles\freertos-demo2_0.elf.dir\Middlewares\Third_Party\FreeRTOS\Source\CMSIS_RTOS\cmsis_os.c.obj
 .debug_frame   0x00001c44       0x70 CMakeFiles\freertos-demo2_0.elf.dir\Middlewares\Third_Party\FreeRTOS\Source\list.c.obj
 .debug_frame   0x00001cb4       0xf0 CMakeFiles\freertos-demo2_0.elf.dir\Middlewares\Third_Party\FreeRTOS\Source\portable\GCC\ARM_CM3\port.c.obj
 .debug_frame   0x00001da4       0xb0 CMakeFiles\freertos-demo2_0.elf.dir\Middlewares\Third_Party\FreeRTOS\Source\portable\MemMang\heap_4.c.obj
 .debug_frame   0x00001e54      0x568 CMakeFiles\freertos-demo2_0.elf.dir\Middlewares\Third_Party\FreeRTOS\Source\tasks.c.obj
 .debug_frame   0x000023bc       0x2c d:/rj/armgnu~1/112_20~1.02/bin/../lib/gcc/arm-none-eabi/11.2.1/thumb/v7-m/nofp\libg.a(lib_a-init.o)
 .debug_frame   0x000023e8       0x2c d:/rj/armgnu~1/112_20~1.02/bin/../lib/gcc/arm-none-eabi/11.2.1/thumb/v7-m/nofp\libg.a(lib_a-memset.o)

.debug_line_str
                0x00000000       0x59
 .debug_line_str
                0x00000000       0x59 CMakeFiles\freertos-demo2_0.elf.dir\Core\Startup\startup_stm32f103c8tx.s.obj
                                 0xb2 (size before relaxing)
